
━━━━━━━━━━━━━━━━━━━━━━━━━━━━━━━━━━━━━━━━━━━━━━━━━━━━━━━━━━━━━━━━━━━━
  SUBTASK 3 – Argumentative Relation Detection
  Official Score  (Strict Macro F1): 0.0268
━━━━━━━━━━━━━━━━━━━━━━━━━━━━━━━━━━━━━━━━━━━━━━━━━━━━━━━━━━━━━━━━━━━━

  Strict (char-exact)  [official]
  Relation Type                 F1     Precision      Recall      TP      FP      FN
  ------------------------------------------------------------------------
  Support                 F1=0.0000  P=0.0000  R=0.0000  TP=   0  FP=  66  FN= 133
  Attack                  F1=0.0537  P=0.3636  R=0.0290  TP=   4  FP=   7  FN= 134
  ------------------------------------------------------------------------
  Macro Avg               F1=0.0268  P=0.1818  R=0.0145
  Micro Avg               F1=0.0230  P=0.0519  R=0.0148  TP=   4  FP=  73  FN= 267

  Relaxed (token IoU≥τ)  [complementary]
  Relation Type                 F1     Precision      Recall      TP      FP      FN
  ------------------------------------------------------------------------
  Support                 F1=0.0201  P=0.0303  R=0.0150  TP=   2  FP=  64  FN= 131
  Attack                  F1=0.0537  P=0.3636  R=0.0290  TP=   4  FP=   7  FN= 134
  ------------------------------------------------------------------------
  Macro Avg               F1=0.0369  P=0.1970  R=0.0220
  Micro Avg               F1=0.0345  P=0.0779  R=0.0221  TP=   6  FP=  71  FN= 265

────────────────────────────────────────────────────────────────────

