
━━━━━━━━━━━━━━━━━━━━━━━━━━━━━━━━━━━━━━━━━━━━━━━━━━━━━━━━━━━━━━━━━━━━
  SUBTASK 3 – Argumentative Relation Detection
  Official Score  (Strict Macro F1): 0.1818
━━━━━━━━━━━━━━━━━━━━━━━━━━━━━━━━━━━━━━━━━━━━━━━━━━━━━━━━━━━━━━━━━━━━

  Strict (char-exact)  [official]
  Relation Type                 F1     Precision      Recall      TP      FP      FN
  ------------------------------------------------------------------------
  Support                 F1=0.1544  P=0.1587  R=0.1504  TP=  20  FP= 106  FN= 113
  Attack                  F1=0.2091  P=0.2805  R=0.1667  TP=  23  FP=  59  FN= 115
  ------------------------------------------------------------------------
  Macro Avg               F1=0.1818  P=0.2196  R=0.1585
  Micro Avg               F1=0.1795  P=0.2067  R=0.1587  TP=  43  FP= 165  FN= 228

  Relaxed (token IoU≥τ)  [complementary]
  Relation Type                 F1     Precision      Recall      TP      FP      FN
  ------------------------------------------------------------------------
  Support                 F1=0.1776  P=0.1825  R=0.1729  TP=  23  FP= 103  FN= 110
  Attack                  F1=0.2636  P=0.3537  R=0.2101  TP=  29  FP=  53  FN= 109
  ------------------------------------------------------------------------
  Macro Avg               F1=0.2206  P=0.2681  R=0.1915
  Micro Avg               F1=0.2171  P=0.2500  R=0.1919  TP=  52  FP= 156  FN= 219

────────────────────────────────────────────────────────────────────

