
━━━━━━━━━━━━━━━━━━━━━━━━━━━━━━━━━━━━━━━━━━━━━━━━━━━━━━━━━━━━━━━━━━━━
  SUBTASK 3 – Argumentative Relation Detection
  Official Score  (Strict Macro F1): 0.3015
━━━━━━━━━━━━━━━━━━━━━━━━━━━━━━━━━━━━━━━━━━━━━━━━━━━━━━━━━━━━━━━━━━━━

  Strict (char-exact)  [official]
  Relation Type                 F1     Precision      Recall      TP      FP      FN
  ------------------------------------------------------------------------
  Support                 F1=0.3022  P=0.2218  R=0.4737  TP=  63  FP= 221  FN=  70
  Attack                  F1=0.3008  P=0.2059  R=0.5580  TP=  77  FP= 297  FN=  61
  ------------------------------------------------------------------------
  Macro Avg               F1=0.3015  P=0.2139  R=0.5158
  Micro Avg               F1=0.3014  P=0.2128  R=0.5166  TP= 140  FP= 518  FN= 131

  Relaxed (token IoU≥τ)  [complementary]
  Relation Type                 F1     Precision      Recall      TP      FP      FN
  ------------------------------------------------------------------------
  Support                 F1=0.3405  P=0.2500  R=0.5338  TP=  71  FP= 213  FN=  62
  Attack                  F1=0.3359  P=0.2299  R=0.6232  TP=  86  FP= 288  FN=  52
  ------------------------------------------------------------------------
  Macro Avg               F1=0.3382  P=0.2400  R=0.5785
  Micro Avg               F1=0.3380  P=0.2386  R=0.5793  TP= 157  FP= 501  FN= 114

────────────────────────────────────────────────────────────────────

