
━━━━━━━━━━━━━━━━━━━━━━━━━━━━━━━━━━━━━━━━━━━━━━━━━━━━━━━━━━━━━━━━━━━━
  SUBTASK 3 – Argumentative Relation Detection
  Official Score  (Strict Macro F1): 0.1697
━━━━━━━━━━━━━━━━━━━━━━━━━━━━━━━━━━━━━━━━━━━━━━━━━━━━━━━━━━━━━━━━━━━━

  Strict (char-exact)  [official]
  Relation Type                 F1     Precision      Recall      TP      FP      FN
  ------------------------------------------------------------------------
  Support                 F1=0.1965  P=0.1250  R=0.4586  TP=  61  FP= 427  FN=  72
  Attack                  F1=0.1429  P=0.1294  R=0.1594  TP=  22  FP= 148  FN= 116
  ------------------------------------------------------------------------
  Macro Avg               F1=0.1697  P=0.1272  R=0.3090
  Micro Avg               F1=0.1787  P=0.1261  R=0.3063  TP=  83  FP= 575  FN= 188

  Relaxed (token IoU≥τ)  [complementary]
  Relation Type                 F1     Precision      Recall      TP      FP      FN
  ------------------------------------------------------------------------
  Support                 F1=0.2351  P=0.1496  R=0.5489  TP=  73  FP= 415  FN=  60
  Attack                  F1=0.1494  P=0.1353  R=0.1667  TP=  23  FP= 147  FN= 115
  ------------------------------------------------------------------------
  Macro Avg               F1=0.1922  P=0.1424  R=0.3578
  Micro Avg               F1=0.2067  P=0.1459  R=0.3542  TP=  96  FP= 562  FN= 175

────────────────────────────────────────────────────────────────────

