
━━━━━━━━━━━━━━━━━━━━━━━━━━━━━━━━━━━━━━━━━━━━━━━━━━━━━━━━━━━━━━━━━━━━
  SUBTASK 3 – Argumentative Relation Detection
  Official Score  (Strict Macro F1): 0.1550
━━━━━━━━━━━━━━━━━━━━━━━━━━━━━━━━━━━━━━━━━━━━━━━━━━━━━━━━━━━━━━━━━━━━

  Strict (char-exact)  [official]
  Relation Type                 F1     Precision      Recall      TP      FP      FN
  ------------------------------------------------------------------------
  Support                 F1=0.1777  P=0.1225  R=0.3233  TP=  43  FP= 308  FN=  90
  Attack                  F1=0.1324  P=0.1343  R=0.1304  TP=  18  FP= 116  FN= 120
  ------------------------------------------------------------------------
  Macro Avg               F1=0.1550  P=0.1284  R=0.2269
  Micro Avg               F1=0.1614  P=0.1258  R=0.2251  TP=  61  FP= 424  FN= 210

  Relaxed (token IoU≥τ)  [complementary]
  Relation Type                 F1     Precision      Recall      TP      FP      FN
  ------------------------------------------------------------------------
  Support                 F1=0.2273  P=0.1567  R=0.4135  TP=  55  FP= 296  FN=  78
  Attack                  F1=0.1397  P=0.1418  R=0.1377  TP=  19  FP= 115  FN= 119
  ------------------------------------------------------------------------
  Macro Avg               F1=0.1835  P=0.1492  R=0.2756
  Micro Avg               F1=0.1958  P=0.1526  R=0.2731  TP=  74  FP= 411  FN= 197

────────────────────────────────────────────────────────────────────

