
━━━━━━━━━━━━━━━━━━━━━━━━━━━━━━━━━━━━━━━━━━━━━━━━━━━━━━━━━━━━━━━━━━━━
  SUBTASK 3 – Argumentative Relation Detection
  Official Score  (Strict Macro F1): 0.1448
━━━━━━━━━━━━━━━━━━━━━━━━━━━━━━━━━━━━━━━━━━━━━━━━━━━━━━━━━━━━━━━━━━━━

  Strict (char-exact)  [official]
  Relation Type                 F1     Precision      Recall      TP      FP      FN
  ------------------------------------------------------------------------
  Support                 F1=0.1556  P=0.1613  R=0.1504  TP=  20  FP= 104  FN= 113
  Attack                  F1=0.1339  P=0.1744  R=0.1087  TP=  15  FP=  71  FN= 123
  ------------------------------------------------------------------------
  Macro Avg               F1=0.1448  P=0.1679  R=0.1295
  Micro Avg               F1=0.1455  P=0.1667  R=0.1292  TP=  35  FP= 175  FN= 236

  Relaxed (token IoU≥τ)  [complementary]
  Relation Type                 F1     Precision      Recall      TP      FP      FN
  ------------------------------------------------------------------------
  Support                 F1=0.2257  P=0.2339  R=0.2180  TP=  29  FP=  95  FN= 104
  Attack                  F1=0.1607  P=0.2093  R=0.1304  TP=  18  FP=  68  FN= 120
  ------------------------------------------------------------------------
  Macro Avg               F1=0.1932  P=0.2216  R=0.1742
  Micro Avg               F1=0.1954  P=0.2238  R=0.1734  TP=  47  FP= 163  FN= 224

────────────────────────────────────────────────────────────────────

