
━━━━━━━━━━━━━━━━━━━━━━━━━━━━━━━━━━━━━━━━━━━━━━━━━━━━━━━━━━━━━━━━━━━━
  SUBTASK 3 – Argumentative Relation Detection
  Official Score  (Strict Macro F1): 0.0246
━━━━━━━━━━━━━━━━━━━━━━━━━━━━━━━━━━━━━━━━━━━━━━━━━━━━━━━━━━━━━━━━━━━━

  Strict (char-exact)  [official]
  Relation Type                 F1     Precision      Recall      TP      FP      FN
  ------------------------------------------------------------------------
  Support                 F1=0.0370  P=0.0482  R=0.0301  TP=   4  FP=  79  FN= 129
  Attack                  F1=0.0122  P=0.0385  R=0.0072  TP=   1  FP=  25  FN= 137
  ------------------------------------------------------------------------
  Macro Avg               F1=0.0246  P=0.0433  R=0.0187
  Micro Avg               F1=0.0263  P=0.0459  R=0.0185  TP=   5  FP= 104  FN= 266

  Relaxed (token IoU≥τ)  [complementary]
  Relation Type                 F1     Precision      Recall      TP      FP      FN
  ------------------------------------------------------------------------
  Support                 F1=0.0648  P=0.0843  R=0.0526  TP=   7  FP=  76  FN= 126
  Attack                  F1=0.0244  P=0.0769  R=0.0145  TP=   2  FP=  24  FN= 136
  ------------------------------------------------------------------------
  Macro Avg               F1=0.0446  P=0.0806  R=0.0336
  Micro Avg               F1=0.0474  P=0.0826  R=0.0332  TP=   9  FP= 100  FN= 262

────────────────────────────────────────────────────────────────────

