
━━━━━━━━━━━━━━━━━━━━━━━━━━━━━━━━━━━━━━━━━━━━━━━━━━━━━━━━━━━━━━━━━━━━
  SUBTASK 3 – Argumentative Relation Detection
  Official Score  (Strict Macro F1): 0.1980
━━━━━━━━━━━━━━━━━━━━━━━━━━━━━━━━━━━━━━━━━━━━━━━━━━━━━━━━━━━━━━━━━━━━

  Strict (char-exact)  [official]
  Relation Type                 F1     Precision      Recall      TP      FP      FN
  ------------------------------------------------------------------------
  Support                 F1=0.2653  P=0.2049  R=0.3759  TP=  50  FP= 194  FN=  83
  Attack                  F1=0.1307  P=0.0935  R=0.2174  TP=  30  FP= 291  FN= 108
  ------------------------------------------------------------------------
  Macro Avg               F1=0.1980  P=0.1492  R=0.2967
  Micro Avg               F1=0.1914  P=0.1416  R=0.2952  TP=  80  FP= 485  FN= 191

  Relaxed (token IoU≥τ)  [complementary]
  Relation Type                 F1     Precision      Recall      TP      FP      FN
  ------------------------------------------------------------------------
  Support                 F1=0.3501  P=0.2705  R=0.4962  TP=  66  FP= 178  FN=  67
  Attack                  F1=0.1961  P=0.1402  R=0.3261  TP=  45  FP= 276  FN=  93
  ------------------------------------------------------------------------
  Macro Avg               F1=0.2731  P=0.2053  R=0.4112
  Micro Avg               F1=0.2656  P=0.1965  R=0.4096  TP= 111  FP= 454  FN= 160

────────────────────────────────────────────────────────────────────

