
━━━━━━━━━━━━━━━━━━━━━━━━━━━━━━━━━━━━━━━━━━━━━━━━━━━━━━━━━━━━━━━━━━━━
  SUBTASK 1 – Evidence Sentence Detection
  Official Score  (F1 'relevant'): 0.9048
━━━━━━━━━━━━━━━━━━━━━━━━━━━━━━━━━━━━━━━━━━━━━━━━━━━━━━━━━━━━━━━━━━━━

  Class                         F1     Precision      Recall
  --------------------------------------------------------
  relevant                  0.9048        0.8769      0.9344
  not-relevant              0.8462        0.8919      0.8049
  macro_avg                 0.8755        0.8844      0.8697
  micro_avg                 0.8824        0.8824      0.8824

━━━━━━━━━━━━━━━━━━━━━━━━━━━━━━━━━━━━━━━━━━━━━━━━━━━━━━━━━━━━━━━━━━━━
  SUBTASK 2 – Fine-Grained Evidence Span Detection
  Official Score  (Scope A, Strict Micro F1): 0.5531
━━━━━━━━━━━━━━━━━━━━━━━━━━━━━━━━━━━━━━━━━━━━━━━━━━━━━━━━━━━━━━━━━━━━

  Scope A – End-to-End  [official]

    Strict (char-exact)
  Entity Type                   F1     Precision      Recall      TP      FP      FN
  ------------------------------------------------------------------------
  Premise                 F1=0.2617  P=0.2100  R=0.3471  TP=  42  FP= 158  FN=  79
  Claim                   F1=0.9689  P=0.9478  R=0.9909  TP= 109  FP=   6  FN=   1
  ------------------------------------------------------------------------
  Macro Avg               F1=0.6153  P=0.5789  R=0.6690
  Micro Avg               F1=0.5531  P=0.4794  R=0.6537  TP= 151  FP= 164  FN=  80

    Relaxed (token IoU≥τ)
  Entity Type                   F1     Precision      Recall      TP      FP      FN
  ------------------------------------------------------------------------
  Premise                 F1=0.3427  P=0.2750  R=0.4545  TP=  55  FP= 145  FN=  66
  Claim                   F1=0.9689  P=0.9478  R=0.9909  TP= 109  FP=   6  FN=   1
  ------------------------------------------------------------------------
  Macro Avg               F1=0.6558  P=0.6114  R=0.7227
  Micro Avg               F1=0.6007  P=0.5206  R=0.7100  TP= 164  FP= 151  FN=  67

  Scope B – Oracle       [complementary]

    Strict (char-exact)
  Entity Type                   F1     Precision      Recall      TP      FP      FN
  ------------------------------------------------------------------------
  Premise                 F1=0.3697  P=0.4105  R=0.3362  TP=  39  FP=  56  FN=  77
  Claim                   F1=0.0000  P=0.0000  R=0.0000  TP=   0  FP=   0  FN=   1
  ------------------------------------------------------------------------
  Macro Avg               F1=0.1848  P=0.2053  R=0.1681
  Micro Avg               F1=0.3679  P=0.4105  R=0.3333  TP=  39  FP=  56  FN=  78

    Relaxed (token IoU≥τ)
  Entity Type                   F1     Precision      Recall      TP      FP      FN
  ------------------------------------------------------------------------
  Premise                 F1=0.4739  P=0.5263  R=0.4310  TP=  50  FP=  45  FN=  66
  Claim                   F1=0.0000  P=0.0000  R=0.0000  TP=   0  FP=   0  FN=   1
  ------------------------------------------------------------------------
  Macro Avg               F1=0.2370  P=0.2632  R=0.2155
  Micro Avg               F1=0.4717  P=0.5263  R=0.4274  TP=  50  FP=  45  FN=  67

━━━━━━━━━━━━━━━━━━━━━━━━━━━━━━━━━━━━━━━━━━━━━━━━━━━━━━━━━━━━━━━━━━━━
  SUBTASK 3 – Argumentative Relation Detection
  Official Score  (Strict Macro F1): 0.1323
━━━━━━━━━━━━━━━━━━━━━━━━━━━━━━━━━━━━━━━━━━━━━━━━━━━━━━━━━━━━━━━━━━━━

  Strict (char-exact)  [official]
  Relation Type                 F1     Precision      Recall      TP      FP      FN
  ------------------------------------------------------------------------
  Support                 F1=0.1688  P=0.1185  R=0.2932  TP=  39  FP= 290  FN=  94
  Attack                  F1=0.0957  P=0.0583  R=0.2681  TP=  37  FP= 598  FN= 101
  ------------------------------------------------------------------------
  Macro Avg               F1=0.1323  P=0.0884  R=0.2807
  Micro Avg               F1=0.1231  P=0.0788  R=0.2804  TP=  76  FP= 888  FN= 195

  Relaxed (token IoU≥τ)  [complementary]
  Relation Type                 F1     Precision      Recall      TP      FP      FN
  ------------------------------------------------------------------------
  Support                 F1=0.2035  P=0.1429  R=0.3534  TP=  47  FP= 282  FN=  86
  Attack                  F1=0.1216  P=0.0740  R=0.3406  TP=  47  FP= 588  FN=  91
  ------------------------------------------------------------------------
  Macro Avg               F1=0.1625  P=0.1084  R=0.3470
  Micro Avg               F1=0.1522  P=0.0975  R=0.3469  TP=  94  FP= 870  FN= 177

────────────────────────────────────────────────────────────────────

