
━━━━━━━━━━━━━━━━━━━━━━━━━━━━━━━━━━━━━━━━━━━━━━━━━━━━━━━━━━━━━━━━━━━━
  SUBTASK 3 – Argumentative Relation Detection
  Official Score  (Strict Macro F1): 0.0391
━━━━━━━━━━━━━━━━━━━━━━━━━━━━━━━━━━━━━━━━━━━━━━━━━━━━━━━━━━━━━━━━━━━━

  Strict (char-exact)  [official]
  Relation Type                 F1     Precision      Recall      TP      FP      FN
  ------------------------------------------------------------------------
  Support                 F1=0.0297  P=0.0294  R=0.0301  TP=   4  FP= 132  FN= 129
  Attack                  F1=0.0485  P=0.1481  R=0.0290  TP=   4  FP=  23  FN= 134
  ------------------------------------------------------------------------
  Macro Avg               F1=0.0391  P=0.0888  R=0.0295
  Micro Avg               F1=0.0369  P=0.0491  R=0.0295  TP=   8  FP= 155  FN= 263

  Relaxed (token IoU≥τ)  [complementary]
  Relation Type                 F1     Precision      Recall      TP      FP      FN
  ------------------------------------------------------------------------
  Support                 F1=0.0446  P=0.0441  R=0.0451  TP=   6  FP= 130  FN= 127
  Attack                  F1=0.0485  P=0.1481  R=0.0290  TP=   4  FP=  23  FN= 134
  ------------------------------------------------------------------------
  Macro Avg               F1=0.0465  P=0.0961  R=0.0370
  Micro Avg               F1=0.0461  P=0.0613  R=0.0369  TP=  10  FP= 153  FN= 261

────────────────────────────────────────────────────────────────────

