
━━━━━━━━━━━━━━━━━━━━━━━━━━━━━━━━━━━━━━━━━━━━━━━━━━━━━━━━━━━━━━━━━━━━
  SUBTASK 3 – Argumentative Relation Detection
  Official Score  (Strict Macro F1): 0.1672
━━━━━━━━━━━━━━━━━━━━━━━━━━━━━━━━━━━━━━━━━━━━━━━━━━━━━━━━━━━━━━━━━━━━

  Strict (char-exact)  [official]
  Relation Type                 F1     Precision      Recall      TP      FP      FN
  ------------------------------------------------------------------------
  Support                 F1=0.1748  P=0.1534  R=0.2030  TP=  27  FP= 149  FN= 106
  Attack                  F1=0.1597  P=0.1680  R=0.1522  TP=  21  FP= 104  FN= 117
  ------------------------------------------------------------------------
  Macro Avg               F1=0.1672  P=0.1607  R=0.1776
  Micro Avg               F1=0.1678  P=0.1595  R=0.1771  TP=  48  FP= 253  FN= 223

  Relaxed (token IoU≥τ)  [complementary]
  Relation Type                 F1     Precision      Recall      TP      FP      FN
  ------------------------------------------------------------------------
  Support                 F1=0.2201  P=0.1932  R=0.2556  TP=  34  FP= 142  FN=  99
  Attack                  F1=0.2129  P=0.2240  R=0.2029  TP=  28  FP=  97  FN= 110
  ------------------------------------------------------------------------
  Macro Avg               F1=0.2165  P=0.2086  R=0.2293
  Micro Avg               F1=0.2168  P=0.2060  R=0.2288  TP=  62  FP= 239  FN= 209

────────────────────────────────────────────────────────────────────

