
━━━━━━━━━━━━━━━━━━━━━━━━━━━━━━━━━━━━━━━━━━━━━━━━━━━━━━━━━━━━━━━━━━━━
  SUBTASK 3 – Argumentative Relation Detection
  Official Score  (Strict Macro F1): 0.1104
━━━━━━━━━━━━━━━━━━━━━━━━━━━━━━━━━━━━━━━━━━━━━━━━━━━━━━━━━━━━━━━━━━━━

  Strict (char-exact)  [official]
  Relation Type                 F1     Precision      Recall      TP      FP      FN
  ------------------------------------------------------------------------
  Support                 F1=0.1667  P=0.1106  R=0.3383  TP=  45  FP= 362  FN=  88
  Attack                  F1=0.0541  P=0.0506  R=0.0580  TP=   8  FP= 150  FN= 130
  ------------------------------------------------------------------------
  Macro Avg               F1=0.1104  P=0.0806  R=0.1982
  Micro Avg               F1=0.1268  P=0.0938  R=0.1956  TP=  53  FP= 512  FN= 218

  Relaxed (token IoU≥τ)  [complementary]
  Relation Type                 F1     Precision      Recall      TP      FP      FN
  ------------------------------------------------------------------------
  Support                 F1=0.2333  P=0.1548  R=0.4737  TP=  63  FP= 344  FN=  70
  Attack                  F1=0.0743  P=0.0696  R=0.0797  TP=  11  FP= 147  FN= 127
  ------------------------------------------------------------------------
  Macro Avg               F1=0.1538  P=0.1122  R=0.2767
  Micro Avg               F1=0.1770  P=0.1310  R=0.2731  TP=  74  FP= 491  FN= 197

────────────────────────────────────────────────────────────────────

