
━━━━━━━━━━━━━━━━━━━━━━━━━━━━━━━━━━━━━━━━━━━━━━━━━━━━━━━━━━━━━━━━━━━━
  SUBTASK 3 – Argumentative Relation Detection
  Official Score  (Strict Macro F1): 0.2963
━━━━━━━━━━━━━━━━━━━━━━━━━━━━━━━━━━━━━━━━━━━━━━━━━━━━━━━━━━━━━━━━━━━━

  Strict (char-exact)  [official]
  Relation Type                 F1     Precision      Recall      TP      FP      FN
  ------------------------------------------------------------------------
  Support                 F1=0.3081  P=0.2360  R=0.4436  TP=  59  FP= 191  FN=  74
  Attack                  F1=0.2845  P=0.2012  R=0.4855  TP=  67  FP= 266  FN=  71
  ------------------------------------------------------------------------
  Macro Avg               F1=0.2963  P=0.2186  R=0.4646
  Micro Avg               F1=0.2951  P=0.2161  R=0.4649  TP= 126  FP= 457  FN= 145

  Relaxed (token IoU≥τ)  [complementary]
  Relation Type                 F1     Precision      Recall      TP      FP      FN
  ------------------------------------------------------------------------
  Support                 F1=0.3864  P=0.2960  R=0.5564  TP=  74  FP= 176  FN=  59
  Attack                  F1=0.3397  P=0.2402  R=0.5797  TP=  80  FP= 253  FN=  58
  ------------------------------------------------------------------------
  Macro Avg               F1=0.3631  P=0.2681  R=0.5681
  Micro Avg               F1=0.3607  P=0.2642  R=0.5683  TP= 154  FP= 429  FN= 117

────────────────────────────────────────────────────────────────────

