
━━━━━━━━━━━━━━━━━━━━━━━━━━━━━━━━━━━━━━━━━━━━━━━━━━━━━━━━━━━━━━━━━━━━
  SUBTASK 3 – Argumentative Relation Detection
  Official Score  (Strict Macro F1): 0.1991
━━━━━━━━━━━━━━━━━━━━━━━━━━━━━━━━━━━━━━━━━━━━━━━━━━━━━━━━━━━━━━━━━━━━

  Strict (char-exact)  [official]
  Relation Type                 F1     Precision      Recall      TP      FP      FN
  ------------------------------------------------------------------------
  Support                 F1=0.1933  P=0.1737  R=0.2180  TP=  29  FP= 138  FN= 104
  Attack                  F1=0.2049  P=0.2358  R=0.1812  TP=  25  FP=  81  FN= 113
  ------------------------------------------------------------------------
  Macro Avg               F1=0.1991  P=0.2048  R=0.1996
  Micro Avg               F1=0.1985  P=0.1978  R=0.1993  TP=  54  FP= 219  FN= 217

  Relaxed (token IoU≥τ)  [complementary]
  Relation Type                 F1     Precision      Recall      TP      FP      FN
  ------------------------------------------------------------------------
  Support                 F1=0.2200  P=0.1976  R=0.2481  TP=  33  FP= 134  FN= 100
  Attack                  F1=0.2623  P=0.3019  R=0.2319  TP=  32  FP=  74  FN= 106
  ------------------------------------------------------------------------
  Macro Avg               F1=0.2411  P=0.2497  R=0.2400
  Micro Avg               F1=0.2390  P=0.2381  R=0.2399  TP=  65  FP= 208  FN= 206

────────────────────────────────────────────────────────────────────

