
━━━━━━━━━━━━━━━━━━━━━━━━━━━━━━━━━━━━━━━━━━━━━━━━━━━━━━━━━━━━━━━━━━━━
  SUBTASK 3 – Argumentative Relation Detection
  Official Score  (Strict Macro F1): 0.0432
━━━━━━━━━━━━━━━━━━━━━━━━━━━━━━━━━━━━━━━━━━━━━━━━━━━━━━━━━━━━━━━━━━━━

  Strict (char-exact)  [official]
  Relation Type                 F1     Precision      Recall      TP      FP      FN
  ------------------------------------------------------------------------
  Support                 F1=0.0250  P=0.0280  R=0.0226  TP=   3  FP= 104  FN= 130
  Attack                  F1=0.0613  P=0.2000  R=0.0362  TP=   5  FP=  20  FN= 133
  ------------------------------------------------------------------------
  Macro Avg               F1=0.0432  P=0.1140  R=0.0294
  Micro Avg               F1=0.0397  P=0.0606  R=0.0295  TP=   8  FP= 124  FN= 263

  Relaxed (token IoU≥τ)  [complementary]
  Relation Type                 F1     Precision      Recall      TP      FP      FN
  ------------------------------------------------------------------------
  Support                 F1=0.0333  P=0.0374  R=0.0301  TP=   4  FP= 103  FN= 129
  Attack                  F1=0.0613  P=0.2000  R=0.0362  TP=   5  FP=  20  FN= 133
  ------------------------------------------------------------------------
  Macro Avg               F1=0.0473  P=0.1187  R=0.0332
  Micro Avg               F1=0.0447  P=0.0682  R=0.0332  TP=   9  FP= 123  FN= 262

────────────────────────────────────────────────────────────────────

