
━━━━━━━━━━━━━━━━━━━━━━━━━━━━━━━━━━━━━━━━━━━━━━━━━━━━━━━━━━━━━━━━━━━━
  SUBTASK 1 – Evidence Sentence Detection
  Official Score  (F1 'relevant'): 0.8160
━━━━━━━━━━━━━━━━━━━━━━━━━━━━━━━━━━━━━━━━━━━━━━━━━━━━━━━━━━━━━━━━━━━━

  Class                         F1     Precision      Recall
  --------------------------------------------------------
  relevant                  0.8160        0.7969      0.8361
  not-relevant              0.7089        0.7368      0.6829
  macro_avg                 0.7624        0.7669      0.7595
  micro_avg                 0.7745        0.7745      0.7745

━━━━━━━━━━━━━━━━━━━━━━━━━━━━━━━━━━━━━━━━━━━━━━━━━━━━━━━━━━━━━━━━━━━━
  SUBTASK 2 – Fine-Grained Evidence Span Detection
  Official Score  (Scope A, Strict Micro F1): 0.6920
━━━━━━━━━━━━━━━━━━━━━━━━━━━━━━━━━━━━━━━━━━━━━━━━━━━━━━━━━━━━━━━━━━━━

  Scope A – End-to-End  [official]

    Strict (char-exact)
  Entity Type                   F1     Precision      Recall      TP      FP      FN
  ------------------------------------------------------------------------
  Premise                 F1=0.4500  P=0.3962  R=0.5207  TP=  63  FP=  96  FN=  58
  Claim                   F1=1.0000  P=1.0000  R=1.0000  TP= 110  FP=   0  FN=   0
  ------------------------------------------------------------------------
  Macro Avg               F1=0.7250  P=0.6981  R=0.7603
  Micro Avg               F1=0.6920  P=0.6431  R=0.7489  TP= 173  FP=  96  FN=  58

    Relaxed (token IoU≥τ)
  Entity Type                   F1     Precision      Recall      TP      FP      FN
  ------------------------------------------------------------------------
  Premise                 F1=0.5357  P=0.4717  R=0.6198  TP=  75  FP=  84  FN=  46
  Claim                   F1=1.0000  P=1.0000  R=1.0000  TP= 110  FP=   0  FN=   0
  ------------------------------------------------------------------------
  Macro Avg               F1=0.7679  P=0.7358  R=0.8099
  Micro Avg               F1=0.7400  P=0.6877  R=0.8009  TP= 185  FP=  84  FN=  46

  Scope B – Oracle       [complementary]

    Strict (char-exact)
  Entity Type                   F1     Precision      Recall      TP      FP      FN
  ------------------------------------------------------------------------
  Premise                 F1=0.4941  P=0.4532  R=0.5431  TP=  63  FP=  76  FN=  53
  Claim                   F1=1.0000  P=1.0000  R=1.0000  TP=   1  FP=   0  FN=   0
  ------------------------------------------------------------------------
  Macro Avg               F1=0.7471  P=0.7266  R=0.7716
  Micro Avg               F1=0.4981  P=0.4571  R=0.5470  TP=  64  FP=  76  FN=  53

    Relaxed (token IoU≥τ)
  Entity Type                   F1     Precision      Recall      TP      FP      FN
  ------------------------------------------------------------------------
  Premise                 F1=0.5882  P=0.5396  R=0.6466  TP=  75  FP=  64  FN=  41
  Claim                   F1=1.0000  P=1.0000  R=1.0000  TP=   1  FP=   0  FN=   0
  ------------------------------------------------------------------------
  Macro Avg               F1=0.7941  P=0.7698  R=0.8233
  Micro Avg               F1=0.5914  P=0.5429  R=0.6496  TP=  76  FP=  64  FN=  41

━━━━━━━━━━━━━━━━━━━━━━━━━━━━━━━━━━━━━━━━━━━━━━━━━━━━━━━━━━━━━━━━━━━━
  SUBTASK 3 – Argumentative Relation Detection
  Official Score  (Strict Macro F1): 0.2565
━━━━━━━━━━━━━━━━━━━━━━━━━━━━━━━━━━━━━━━━━━━━━━━━━━━━━━━━━━━━━━━━━━━━

  Strict (char-exact)  [official]
  Relation Type                 F1     Precision      Recall      TP      FP      FN
  ------------------------------------------------------------------------
  Support                 F1=0.2751  P=0.1993  R=0.4436  TP=  59  FP= 237  FN=  74
  Attack                  F1=0.2379  P=0.1561  R=0.5000  TP=  69  FP= 373  FN=  69
  ------------------------------------------------------------------------
  Macro Avg               F1=0.2565  P=0.1777  R=0.4718
  Micro Avg               F1=0.2537  P=0.1734  R=0.4723  TP= 128  FP= 610  FN= 143

  Relaxed (token IoU≥τ)  [complementary]
  Relation Type                 F1     Precision      Recall      TP      FP      FN
  ------------------------------------------------------------------------
  Support                 F1=0.3310  P=0.2399  R=0.5338  TP=  71  FP= 225  FN=  62
  Attack                  F1=0.2828  P=0.1855  R=0.5942  TP=  82  FP= 360  FN=  56
  ------------------------------------------------------------------------
  Macro Avg               F1=0.3069  P=0.2127  R=0.5640
  Micro Avg               F1=0.3033  P=0.2073  R=0.5646  TP= 153  FP= 585  FN= 118

────────────────────────────────────────────────────────────────────

