
━━━━━━━━━━━━━━━━━━━━━━━━━━━━━━━━━━━━━━━━━━━━━━━━━━━━━━━━━━━━━━━━━━━━
  SUBTASK 3 – Argumentative Relation Detection
  Official Score  (Strict Macro F1): 0.1647
━━━━━━━━━━━━━━━━━━━━━━━━━━━━━━━━━━━━━━━━━━━━━━━━━━━━━━━━━━━━━━━━━━━━

  Strict (char-exact)  [official]
  Relation Type                 F1     Precision      Recall      TP      FP      FN
  ------------------------------------------------------------------------
  Support                 F1=0.1915  P=0.1253  R=0.4060  TP=  54  FP= 377  FN=  79
  Attack                  F1=0.1379  P=0.1316  R=0.1449  TP=  20  FP= 132  FN= 118
  ------------------------------------------------------------------------
  Macro Avg               F1=0.1647  P=0.1284  R=0.2755
  Micro Avg               F1=0.1733  P=0.1269  R=0.2731  TP=  74  FP= 509  FN= 197

  Relaxed (token IoU≥τ)  [complementary]
  Relation Type                 F1     Precision      Recall      TP      FP      FN
  ------------------------------------------------------------------------
  Support                 F1=0.2411  P=0.1578  R=0.5113  TP=  68  FP= 363  FN=  65
  Attack                  F1=0.1517  P=0.1447  R=0.1594  TP=  22  FP= 130  FN= 116
  ------------------------------------------------------------------------
  Macro Avg               F1=0.1964  P=0.1513  R=0.3353
  Micro Avg               F1=0.2108  P=0.1544  R=0.3321  TP=  90  FP= 493  FN= 181

────────────────────────────────────────────────────────────────────

