
━━━━━━━━━━━━━━━━━━━━━━━━━━━━━━━━━━━━━━━━━━━━━━━━━━━━━━━━━━━━━━━━━━━━
  SUBTASK 3 – Argumentative Relation Detection
  Official Score  (Strict Macro F1): 0.0320
━━━━━━━━━━━━━━━━━━━━━━━━━━━━━━━━━━━━━━━━━━━━━━━━━━━━━━━━━━━━━━━━━━━━

  Strict (char-exact)  [official]
  Relation Type                 F1     Precision      Recall      TP      FP      FN
  ------------------------------------------------------------------------
  Support                 F1=0.0183  P=0.0235  R=0.0150  TP=   2  FP=  83  FN= 131
  Attack                  F1=0.0457  P=0.1081  R=0.0290  TP=   4  FP=  33  FN= 134
  ------------------------------------------------------------------------
  Macro Avg               F1=0.0320  P=0.0658  R=0.0220
  Micro Avg               F1=0.0305  P=0.0492  R=0.0221  TP=   6  FP= 116  FN= 265

  Relaxed (token IoU≥τ)  [complementary]
  Relation Type                 F1     Precision      Recall      TP      FP      FN
  ------------------------------------------------------------------------
  Support                 F1=0.0183  P=0.0235  R=0.0150  TP=   2  FP=  83  FN= 131
  Attack                  F1=0.0457  P=0.1081  R=0.0290  TP=   4  FP=  33  FN= 134
  ------------------------------------------------------------------------
  Macro Avg               F1=0.0320  P=0.0658  R=0.0220
  Micro Avg               F1=0.0305  P=0.0492  R=0.0221  TP=   6  FP= 116  FN= 265

────────────────────────────────────────────────────────────────────

