
━━━━━━━━━━━━━━━━━━━━━━━━━━━━━━━━━━━━━━━━━━━━━━━━━━━━━━━━━━━━━━━━━━━━
  SUBTASK 3 – Argumentative Relation Detection
  Official Score  (Strict Macro F1): 0.0804
━━━━━━━━━━━━━━━━━━━━━━━━━━━━━━━━━━━━━━━━━━━━━━━━━━━━━━━━━━━━━━━━━━━━

  Strict (char-exact)  [official]
  Relation Type                 F1     Precision      Recall      TP      FP      FN
  ------------------------------------------------------------------------
  Support                 F1=0.0969  P=0.0897  R=0.1053  TP=  14  FP= 142  FN= 119
  Attack                  F1=0.0639  P=0.0571  R=0.0725  TP=  10  FP= 165  FN= 128
  ------------------------------------------------------------------------
  Macro Avg               F1=0.0804  P=0.0734  R=0.0889
  Micro Avg               F1=0.0797  P=0.0725  R=0.0886  TP=  24  FP= 307  FN= 247

  Relaxed (token IoU≥τ)  [complementary]
  Relation Type                 F1     Precision      Recall      TP      FP      FN
  ------------------------------------------------------------------------
  Support                 F1=0.1384  P=0.1282  R=0.1504  TP=  20  FP= 136  FN= 113
  Attack                  F1=0.0895  P=0.0800  R=0.1014  TP=  14  FP= 161  FN= 124
  ------------------------------------------------------------------------
  Macro Avg               F1=0.1139  P=0.1041  R=0.1259
  Micro Avg               F1=0.1130  P=0.1027  R=0.1255  TP=  34  FP= 297  FN= 237

────────────────────────────────────────────────────────────────────

