
━━━━━━━━━━━━━━━━━━━━━━━━━━━━━━━━━━━━━━━━━━━━━━━━━━━━━━━━━━━━━━━━━━━━
  SUBTASK 3 – Argumentative Relation Detection
  Official Score  (Strict Macro F1): 0.1216
━━━━━━━━━━━━━━━━━━━━━━━━━━━━━━━━━━━━━━━━━━━━━━━━━━━━━━━━━━━━━━━━━━━━

  Strict (char-exact)  [official]
  Relation Type                 F1     Precision      Recall      TP      FP      FN
  ------------------------------------------------------------------------
  Support                 F1=0.1500  P=0.1682  R=0.1353  TP=  18  FP=  89  FN= 115
  Attack                  F1=0.0933  P=0.1636  R=0.0652  TP=   9  FP=  46  FN= 129
  ------------------------------------------------------------------------
  Macro Avg               F1=0.1216  P=0.1659  R=0.1003
  Micro Avg               F1=0.1247  P=0.1667  R=0.0996  TP=  27  FP= 135  FN= 244

  Relaxed (token IoU≥τ)  [complementary]
  Relation Type                 F1     Precision      Recall      TP      FP      FN
  ------------------------------------------------------------------------
  Support                 F1=0.1750  P=0.1963  R=0.1579  TP=  21  FP=  86  FN= 112
  Attack                  F1=0.1244  P=0.2182  R=0.0870  TP=  12  FP=  43  FN= 126
  ------------------------------------------------------------------------
  Macro Avg               F1=0.1497  P=0.2072  R=0.1224
  Micro Avg               F1=0.1524  P=0.2037  R=0.1218  TP=  33  FP= 129  FN= 238

────────────────────────────────────────────────────────────────────

