
━━━━━━━━━━━━━━━━━━━━━━━━━━━━━━━━━━━━━━━━━━━━━━━━━━━━━━━━━━━━━━━━━━━━
  SUBTASK 3 – Argumentative Relation Detection
  Official Score  (Strict Macro F1): 0.0261
━━━━━━━━━━━━━━━━━━━━━━━━━━━━━━━━━━━━━━━━━━━━━━━━━━━━━━━━━━━━━━━━━━━━

  Strict (char-exact)  [official]
  Relation Type                 F1     Precision      Recall      TP      FP      FN
  ------------------------------------------------------------------------
  Support                 F1=0.0000  P=0.0000  R=0.0000  TP=   0  FP=  63  FN= 133
  Attack                  F1=0.0523  P=0.2667  R=0.0290  TP=   4  FP=  11  FN= 134
  ------------------------------------------------------------------------
  Macro Avg               F1=0.0261  P=0.1333  R=0.0145
  Micro Avg               F1=0.0229  P=0.0513  R=0.0148  TP=   4  FP=  74  FN= 267

  Relaxed (token IoU≥τ)  [complementary]
  Relation Type                 F1     Precision      Recall      TP      FP      FN
  ------------------------------------------------------------------------
  Support                 F1=0.0102  P=0.0159  R=0.0075  TP=   1  FP=  62  FN= 132
  Attack                  F1=0.0654  P=0.3333  R=0.0362  TP=   5  FP=  10  FN= 133
  ------------------------------------------------------------------------
  Macro Avg               F1=0.0378  P=0.1746  R=0.0219
  Micro Avg               F1=0.0344  P=0.0769  R=0.0221  TP=   6  FP=  72  FN= 265

────────────────────────────────────────────────────────────────────

