
━━━━━━━━━━━━━━━━━━━━━━━━━━━━━━━━━━━━━━━━━━━━━━━━━━━━━━━━━━━━━━━━━━━━
  SUBTASK 3 – Argumentative Relation Detection
  Official Score  (Strict Macro F1): 0.0738
━━━━━━━━━━━━━━━━━━━━━━━━━━━━━━━━━━━━━━━━━━━━━━━━━━━━━━━━━━━━━━━━━━━━

  Strict (char-exact)  [official]
  Relation Type                 F1     Precision      Recall      TP      FP      FN
  ------------------------------------------------------------------------
  Support                 F1=0.1041  P=0.0637  R=0.2857  TP=  38  FP= 559  FN=  95
  Attack                  F1=0.0436  P=0.0300  R=0.0797  TP=  11  FP= 356  FN= 127
  ------------------------------------------------------------------------
  Macro Avg               F1=0.0738  P=0.0468  R=0.1827
  Micro Avg               F1=0.0794  P=0.0508  R=0.1808  TP=  49  FP= 915  FN= 222

  Relaxed (token IoU≥τ)  [complementary]
  Relation Type                 F1     Precision      Recall      TP      FP      FN
  ------------------------------------------------------------------------
  Support                 F1=0.1288  P=0.0787  R=0.3534  TP=  47  FP= 550  FN=  86
  Attack                  F1=0.0634  P=0.0436  R=0.1159  TP=  16  FP= 351  FN= 122
  ------------------------------------------------------------------------
  Macro Avg               F1=0.0961  P=0.0612  R=0.2347
  Micro Avg               F1=0.1020  P=0.0654  R=0.2325  TP=  63  FP= 901  FN= 208

────────────────────────────────────────────────────────────────────

