
━━━━━━━━━━━━━━━━━━━━━━━━━━━━━━━━━━━━━━━━━━━━━━━━━━━━━━━━━━━━━━━━━━━━
  SUBTASK 3 – Argumentative Relation Detection
  Official Score  (Strict Macro F1): 0.1301
━━━━━━━━━━━━━━━━━━━━━━━━━━━━━━━━━━━━━━━━━━━━━━━━━━━━━━━━━━━━━━━━━━━━

  Strict (char-exact)  [official]
  Relation Type                 F1     Precision      Recall      TP      FP      FN
  ------------------------------------------------------------------------
  Support                 F1=0.1553  P=0.1147  R=0.2406  TP=  32  FP= 247  FN= 101
  Attack                  F1=0.1048  P=0.1182  R=0.0942  TP=  13  FP=  97  FN= 125
  ------------------------------------------------------------------------
  Macro Avg               F1=0.1301  P=0.1164  R=0.1674
  Micro Avg               F1=0.1364  P=0.1157  R=0.1661  TP=  45  FP= 344  FN= 226

  Relaxed (token IoU≥τ)  [complementary]
  Relation Type                 F1     Precision      Recall      TP      FP      FN
  ------------------------------------------------------------------------
  Support                 F1=0.1845  P=0.1362  R=0.2857  TP=  38  FP= 241  FN=  95
  Attack                  F1=0.1290  P=0.1455  R=0.1159  TP=  16  FP=  94  FN= 122
  ------------------------------------------------------------------------
  Macro Avg               F1=0.1567  P=0.1408  R=0.2008
  Micro Avg               F1=0.1636  P=0.1388  R=0.1993  TP=  54  FP= 335  FN= 217

────────────────────────────────────────────────────────────────────

