
━━━━━━━━━━━━━━━━━━━━━━━━━━━━━━━━━━━━━━━━━━━━━━━━━━━━━━━━━━━━━━━━━━━━
  SUBTASK 1 – Evidence Sentence Detection
  Official Score  (F1 'relevant'): 0.6783
━━━━━━━━━━━━━━━━━━━━━━━━━━━━━━━━━━━━━━━━━━━━━━━━━━━━━━━━━━━━━━━━━━━━

  Class                         F1     Precision      Recall
  --------------------------------------------------------
  relevant                  0.6783        0.7222      0.6393
  not-relevant              0.5843        0.5417      0.6341
  macro_avg                 0.6313        0.6319      0.6367
  micro_avg                 0.6373        0.6373      0.6373

━━━━━━━━━━━━━━━━━━━━━━━━━━━━━━━━━━━━━━━━━━━━━━━━━━━━━━━━━━━━━━━━━━━━
  SUBTASK 2 – Fine-Grained Evidence Span Detection
  Official Score  (Scope A, Strict Micro F1): 0.6792
━━━━━━━━━━━━━━━━━━━━━━━━━━━━━━━━━━━━━━━━━━━━━━━━━━━━━━━━━━━━━━━━━━━━

  Scope A – End-to-End  [official]

    Strict (char-exact)
  Entity Type                   F1     Precision      Recall      TP      FP      FN
  ------------------------------------------------------------------------
  Premise                 F1=0.3382  P=0.4070  R=0.2893  TP=  35  FP=  51  FN=  86
  Claim                   F1=1.0000  P=1.0000  R=1.0000  TP= 110  FP=   0  FN=   0
  ------------------------------------------------------------------------
  Macro Avg               F1=0.6691  P=0.7035  R=0.6446
  Micro Avg               F1=0.6792  P=0.7398  R=0.6277  TP= 145  FP=  51  FN=  86

    Relaxed (token IoU≥τ)
  Entity Type                   F1     Precision      Recall      TP      FP      FN
  ------------------------------------------------------------------------
  Premise                 F1=0.4251  P=0.5116  R=0.3636  TP=  44  FP=  42  FN=  77
  Claim                   F1=1.0000  P=1.0000  R=1.0000  TP= 110  FP=   0  FN=   0
  ------------------------------------------------------------------------
  Macro Avg               F1=0.7126  P=0.7558  R=0.6818
  Micro Avg               F1=0.7213  P=0.7857  R=0.6667  TP= 154  FP=  42  FN=  77

  Scope B – Oracle       [complementary]

    Strict (char-exact)
  Entity Type                   F1     Precision      Recall      TP      FP      FN
  ------------------------------------------------------------------------
  Premise                 F1=0.3704  P=0.4795  R=0.3017  TP=  35  FP=  38  FN=  81
  Claim                   F1=1.0000  P=1.0000  R=1.0000  TP=   1  FP=   0  FN=   0
  ------------------------------------------------------------------------
  Macro Avg               F1=0.6852  P=0.7397  R=0.6509
  Micro Avg               F1=0.3770  P=0.4865  R=0.3077  TP=  36  FP=  38  FN=  81

    Relaxed (token IoU≥τ)
  Entity Type                   F1     Precision      Recall      TP      FP      FN
  ------------------------------------------------------------------------
  Premise                 F1=0.4656  P=0.6027  R=0.3793  TP=  44  FP=  29  FN=  72
  Claim                   F1=1.0000  P=1.0000  R=1.0000  TP=   1  FP=   0  FN=   0
  ------------------------------------------------------------------------
  Macro Avg               F1=0.7328  P=0.8014  R=0.6897
  Micro Avg               F1=0.4712  P=0.6081  R=0.3846  TP=  45  FP=  29  FN=  72

━━━━━━━━━━━━━━━━━━━━━━━━━━━━━━━━━━━━━━━━━━━━━━━━━━━━━━━━━━━━━━━━━━━━
  SUBTASK 3 – Argumentative Relation Detection
  Official Score  (Strict Macro F1): 0.2379
━━━━━━━━━━━━━━━━━━━━━━━━━━━━━━━━━━━━━━━━━━━━━━━━━━━━━━━━━━━━━━━━━━━━

  Strict (char-exact)  [official]
  Relation Type                 F1     Precision      Recall      TP      FP      FN
  ------------------------------------------------------------------------
  Support                 F1=0.2245  P=0.2050  R=0.2481  TP=  33  FP= 128  FN= 100
  Attack                  F1=0.2514  P=0.2018  R=0.3333  TP=  46  FP= 182  FN=  92
  ------------------------------------------------------------------------
  Macro Avg               F1=0.2379  P=0.2034  R=0.2907
  Micro Avg               F1=0.2394  P=0.2031  R=0.2915  TP=  79  FP= 310  FN= 192

  Relaxed (token IoU≥τ)  [complementary]
  Relation Type                 F1     Precision      Recall      TP      FP      FN
  ------------------------------------------------------------------------
  Support                 F1=0.2585  P=0.2360  R=0.2857  TP=  38  FP= 123  FN=  95
  Attack                  F1=0.3005  P=0.2412  R=0.3986  TP=  55  FP= 173  FN=  83
  ------------------------------------------------------------------------
  Macro Avg               F1=0.2795  P=0.2386  R=0.3421
  Micro Avg               F1=0.2818  P=0.2391  R=0.3432  TP=  93  FP= 296  FN= 178

────────────────────────────────────────────────────────────────────

