
━━━━━━━━━━━━━━━━━━━━━━━━━━━━━━━━━━━━━━━━━━━━━━━━━━━━━━━━━━━━━━━━━━━━
  SUBTASK 3 – Argumentative Relation Detection
  Official Score  (Strict Macro F1): 0.1487
━━━━━━━━━━━━━━━━━━━━━━━━━━━━━━━━━━━━━━━━━━━━━━━━━━━━━━━━━━━━━━━━━━━━

  Strict (char-exact)  [official]
  Relation Type                 F1     Precision      Recall      TP      FP      FN
  ------------------------------------------------------------------------
  Support                 F1=0.1776  P=0.1120  R=0.4286  TP=  57  FP= 452  FN=  76
  Attack                  F1=0.1199  P=0.0961  R=0.1594  TP=  22  FP= 207  FN= 116
  ------------------------------------------------------------------------
  Macro Avg               F1=0.1487  P=0.1040  R=0.2940
  Micro Avg               F1=0.1566  P=0.1070  R=0.2915  TP=  79  FP= 659  FN= 192

  Relaxed (token IoU≥τ)  [complementary]
  Relation Type                 F1     Precision      Recall      TP      FP      FN
  ------------------------------------------------------------------------
  Support                 F1=0.2212  P=0.1395  R=0.5338  TP=  71  FP= 438  FN=  62
  Attack                  F1=0.1308  P=0.1048  R=0.1739  TP=  24  FP= 205  FN= 114
  ------------------------------------------------------------------------
  Macro Avg               F1=0.1760  P=0.1221  R=0.3539
  Micro Avg               F1=0.1883  P=0.1287  R=0.3506  TP=  95  FP= 643  FN= 176

────────────────────────────────────────────────────────────────────

