
━━━━━━━━━━━━━━━━━━━━━━━━━━━━━━━━━━━━━━━━━━━━━━━━━━━━━━━━━━━━━━━━━━━━
  SUBTASK 3 – Argumentative Relation Detection
  Official Score  (Strict Macro F1): 0.1729
━━━━━━━━━━━━━━━━━━━━━━━━━━━━━━━━━━━━━━━━━━━━━━━━━━━━━━━━━━━━━━━━━━━━

  Strict (char-exact)  [official]
  Relation Type                 F1     Precision      Recall      TP      FP      FN
  ------------------------------------------------------------------------
  Support                 F1=0.1631  P=0.1544  R=0.1729  TP=  23  FP= 126  FN= 110
  Attack                  F1=0.1826  P=0.2283  R=0.1522  TP=  21  FP=  71  FN= 117
  ------------------------------------------------------------------------
  Macro Avg               F1=0.1729  P=0.1913  R=0.1626
  Micro Avg               F1=0.1719  P=0.1826  R=0.1624  TP=  44  FP= 197  FN= 227

  Relaxed (token IoU≥τ)  [complementary]
  Relation Type                 F1     Precision      Recall      TP      FP      FN
  ------------------------------------------------------------------------
  Support                 F1=0.2057  P=0.1946  R=0.2180  TP=  29  FP= 120  FN= 104
  Attack                  F1=0.2435  P=0.3043  R=0.2029  TP=  28  FP=  64  FN= 110
  ------------------------------------------------------------------------
  Macro Avg               F1=0.2246  P=0.2495  R=0.2105
  Micro Avg               F1=0.2227  P=0.2365  R=0.2103  TP=  57  FP= 184  FN= 214

────────────────────────────────────────────────────────────────────

