
━━━━━━━━━━━━━━━━━━━━━━━━━━━━━━━━━━━━━━━━━━━━━━━━━━━━━━━━━━━━━━━━━━━━
  SUBTASK 3 – Argumentative Relation Detection
  Official Score  (Strict Macro F1): 0.0445
━━━━━━━━━━━━━━━━━━━━━━━━━━━━━━━━━━━━━━━━━━━━━━━━━━━━━━━━━━━━━━━━━━━━

  Strict (char-exact)  [official]
  Relation Type                 F1     Precision      Recall      TP      FP      FN
  ------------------------------------------------------------------------
  Support                 F1=0.0262  P=0.0312  R=0.0226  TP=   3  FP=  93  FN= 130
  Attack                  F1=0.0629  P=0.2381  R=0.0362  TP=   5  FP=  16  FN= 133
  ------------------------------------------------------------------------
  Macro Avg               F1=0.0445  P=0.1347  R=0.0294
  Micro Avg               F1=0.0412  P=0.0684  R=0.0295  TP=   8  FP= 109  FN= 263

  Relaxed (token IoU≥τ)  [complementary]
  Relation Type                 F1     Precision      Recall      TP      FP      FN
  ------------------------------------------------------------------------
  Support                 F1=0.0524  P=0.0625  R=0.0451  TP=   6  FP=  90  FN= 127
  Attack                  F1=0.0629  P=0.2381  R=0.0362  TP=   5  FP=  16  FN= 133
  ------------------------------------------------------------------------
  Macro Avg               F1=0.0576  P=0.1503  R=0.0407
  Micro Avg               F1=0.0567  P=0.0940  R=0.0406  TP=  11  FP= 106  FN= 260

────────────────────────────────────────────────────────────────────

