
━━━━━━━━━━━━━━━━━━━━━━━━━━━━━━━━━━━━━━━━━━━━━━━━━━━━━━━━━━━━━━━━━━━━
  SUBTASK 3 – Argumentative Relation Detection
  Official Score  (Strict Macro F1): 0.3018
━━━━━━━━━━━━━━━━━━━━━━━━━━━━━━━━━━━━━━━━━━━━━━━━━━━━━━━━━━━━━━━━━━━━

  Strict (char-exact)  [official]
  Relation Type                 F1     Precision      Recall      TP      FP      FN
  ------------------------------------------------------------------------
  Support                 F1=0.3055  P=0.2238  R=0.4812  TP=  64  FP= 222  FN=  69
  Attack                  F1=0.2980  P=0.2043  R=0.5507  TP=  76  FP= 296  FN=  62
  ------------------------------------------------------------------------
  Macro Avg               F1=0.3018  P=0.2140  R=0.5160
  Micro Avg               F1=0.3014  P=0.2128  R=0.5166  TP= 140  FP= 518  FN= 131

  Relaxed (token IoU≥τ)  [complementary]
  Relation Type                 F1     Precision      Recall      TP      FP      FN
  ------------------------------------------------------------------------
  Support                 F1=0.3532  P=0.2587  R=0.5564  TP=  74  FP= 212  FN=  59
  Attack                  F1=0.3333  P=0.2285  R=0.6159  TP=  85  FP= 287  FN=  53
  ------------------------------------------------------------------------
  Macro Avg               F1=0.3433  P=0.2436  R=0.5862
  Micro Avg               F1=0.3423  P=0.2416  R=0.5867  TP= 159  FP= 499  FN= 112

────────────────────────────────────────────────────────────────────

