
━━━━━━━━━━━━━━━━━━━━━━━━━━━━━━━━━━━━━━━━━━━━━━━━━━━━━━━━━━━━━━━━━━━━
  SUBTASK 3 – Argumentative Relation Detection
  Official Score  (Strict Macro F1): 0.2054
━━━━━━━━━━━━━━━━━━━━━━━━━━━━━━━━━━━━━━━━━━━━━━━━━━━━━━━━━━━━━━━━━━━━

  Strict (char-exact)  [official]
  Relation Type                 F1     Precision      Recall      TP      FP      FN
  ------------------------------------------------------------------------
  Support                 F1=0.2755  P=0.2174  R=0.3759  TP=  50  FP= 180  FN=  83
  Attack                  F1=0.1353  P=0.0955  R=0.2319  TP=  32  FP= 303  FN= 106
  ------------------------------------------------------------------------
  Macro Avg               F1=0.2054  P=0.1565  R=0.3039
  Micro Avg               F1=0.1962  P=0.1451  R=0.3026  TP=  82  FP= 483  FN= 189

  Relaxed (token IoU≥τ)  [complementary]
  Relation Type                 F1     Precision      Recall      TP      FP      FN
  ------------------------------------------------------------------------
  Support                 F1=0.3636  P=0.2870  R=0.4962  TP=  66  FP= 164  FN=  67
  Attack                  F1=0.1987  P=0.1403  R=0.3406  TP=  47  FP= 288  FN=  91
  ------------------------------------------------------------------------
  Macro Avg               F1=0.2812  P=0.2136  R=0.4184
  Micro Avg               F1=0.2703  P=0.2000  R=0.4170  TP= 113  FP= 452  FN= 158

────────────────────────────────────────────────────────────────────

