
━━━━━━━━━━━━━━━━━━━━━━━━━━━━━━━━━━━━━━━━━━━━━━━━━━━━━━━━━━━━━━━━━━━━
  SUBTASK 3 – Argumentative Relation Detection
  Official Score  (Strict Macro F1): 0.2915
━━━━━━━━━━━━━━━━━━━━━━━━━━━━━━━━━━━━━━━━━━━━━━━━━━━━━━━━━━━━━━━━━━━━

  Strict (char-exact)  [official]
  Relation Type                 F1     Precision      Recall      TP      FP      FN
  ------------------------------------------------------------------------
  Support                 F1=0.3041  P=0.2314  R=0.4436  TP=  59  FP= 196  FN=  74
  Attack                  F1=0.2790  P=0.1982  R=0.4710  TP=  65  FP= 263  FN=  73
  ------------------------------------------------------------------------
  Macro Avg               F1=0.2915  P=0.2148  R=0.4573
  Micro Avg               F1=0.2904  P=0.2127  R=0.4576  TP= 124  FP= 459  FN= 147

  Relaxed (token IoU≥τ)  [complementary]
  Relation Type                 F1     Precision      Recall      TP      FP      FN
  ------------------------------------------------------------------------
  Support                 F1=0.3814  P=0.2902  R=0.5564  TP=  74  FP= 181  FN=  59
  Attack                  F1=0.3305  P=0.2348  R=0.5580  TP=  77  FP= 251  FN=  61
  ------------------------------------------------------------------------
  Macro Avg               F1=0.3560  P=0.2625  R=0.5572
  Micro Avg               F1=0.3536  P=0.2590  R=0.5572  TP= 151  FP= 432  FN= 120

────────────────────────────────────────────────────────────────────

